---
source: crates/t-srv/src/fetch/etherscan/contract/get_abi.rs
expression: "&abi"
---
JsonAbi {
    constructor: Some(
        Constructor {
            inputs: [
                Param {
                    ty: "string",
                    name: "name_",
                    components: [],
                    internal_type: Some(
                        Other {
                            contract: None,
                            ty: "string",
                        },
                    ),
                },
                Param {
                    ty: "string",
                    name: "symbol_",
                    components: [],
                    internal_type: Some(
                        Other {
                            contract: None,
                            ty: "string",
                        },
                    ),
                },
                Param {
                    ty: "uint256",
                    name: "cap_",
                    components: [],
                    internal_type: Some(
                        Other {
                            contract: None,
                            ty: "uint256",
                        },
                    ),
                },
            ],
            state_mutability: NonPayable,
        },
    ),
    fallback: None,
    receive: None,
    functions: {
        "allowance": [
            Function {
                name: "allowance",
                inputs: [
                    Param {
                        ty: "address",
                        name: "owner",
                        components: [],
                        internal_type: Some(
                            Other {
                                contract: None,
                                ty: "address",
                            },
                        ),
                    },
                    Param {
                        ty: "address",
                        name: "spender",
                        components: [],
                        internal_type: Some(
                            Other {
                                contract: None,
                                ty: "address",
                            },
                        ),
                    },
                ],
                outputs: [
                    Param {
                        ty: "uint256",
                        name: "",
                        components: [],
                        internal_type: Some(
                            Other {
                                contract: None,
                                ty: "uint256",
                            },
                        ),
                    },
                ],
                state_mutability: View,
            },
        ],
        "approve": [
            Function {
                name: "approve",
                inputs: [
                    Param {
                        ty: "address",
                        name: "spender",
                        components: [],
                        internal_type: Some(
                            Other {
                                contract: None,
                                ty: "address",
                            },
                        ),
                    },
                    Param {
                        ty: "uint256",
                        name: "value",
                        components: [],
                        internal_type: Some(
                            Other {
                                contract: None,
                                ty: "uint256",
                            },
                        ),
                    },
                ],
                outputs: [
                    Param {
                        ty: "bool",
                        name: "",
                        components: [],
                        internal_type: Some(
                            Other {
                                contract: None,
                                ty: "bool",
                            },
                        ),
                    },
                ],
                state_mutability: NonPayable,
            },
        ],
        "balanceOf": [
            Function {
                name: "balanceOf",
                inputs: [
                    Param {
                        ty: "address",
                        name: "account",
                        components: [],
                        internal_type: Some(
                            Other {
                                contract: None,
                                ty: "address",
                            },
                        ),
                    },
                ],
                outputs: [
                    Param {
                        ty: "uint256",
                        name: "",
                        components: [],
                        internal_type: Some(
                            Other {
                                contract: None,
                                ty: "uint256",
                            },
                        ),
                    },
                ],
                state_mutability: View,
            },
        ],
        "burn": [
            Function {
                name: "burn",
                inputs: [
                    Param {
                        ty: "uint256",
                        name: "value",
                        components: [],
                        internal_type: Some(
                            Other {
                                contract: None,
                                ty: "uint256",
                            },
                        ),
                    },
                ],
                outputs: [],
                state_mutability: NonPayable,
            },
        ],
        "burnFrom": [
            Function {
                name: "burnFrom",
                inputs: [
                    Param {
                        ty: "address",
                        name: "account",
                        components: [],
                        internal_type: Some(
                            Other {
                                contract: None,
                                ty: "address",
                            },
                        ),
                    },
                    Param {
                        ty: "uint256",
                        name: "value",
                        components: [],
                        internal_type: Some(
                            Other {
                                contract: None,
                                ty: "uint256",
                            },
                        ),
                    },
                ],
                outputs: [],
                state_mutability: NonPayable,
            },
        ],
        "cap": [
            Function {
                name: "cap",
                inputs: [],
                outputs: [
                    Param {
                        ty: "uint256",
                        name: "",
                        components: [],
                        internal_type: Some(
                            Other {
                                contract: None,
                                ty: "uint256",
                            },
                        ),
                    },
                ],
                state_mutability: View,
            },
        ],
        "decimals": [
            Function {
                name: "decimals",
                inputs: [],
                outputs: [
                    Param {
                        ty: "uint8",
                        name: "",
                        components: [],
                        internal_type: Some(
                            Other {
                                contract: None,
                                ty: "uint8",
                            },
                        ),
                    },
                ],
                state_mutability: View,
            },
        ],
        "mint": [
            Function {
                name: "mint",
                inputs: [
                    Param {
                        ty: "address",
                        name: "to",
                        components: [],
                        internal_type: Some(
                            Other {
                                contract: None,
                                ty: "address",
                            },
                        ),
                    },
                    Param {
                        ty: "uint256",
                        name: "amount",
                        components: [],
                        internal_type: Some(
                            Other {
                                contract: None,
                                ty: "uint256",
                            },
                        ),
                    },
                ],
                outputs: [],
                state_mutability: NonPayable,
            },
        ],
        "name": [
            Function {
                name: "name",
                inputs: [],
                outputs: [
                    Param {
                        ty: "string",
                        name: "",
                        components: [],
                        internal_type: Some(
                            Other {
                                contract: None,
                                ty: "string",
                            },
                        ),
                    },
                ],
                state_mutability: View,
            },
        ],
        "owner": [
            Function {
                name: "owner",
                inputs: [],
                outputs: [
                    Param {
                        ty: "address",
                        name: "",
                        components: [],
                        internal_type: Some(
                            Other {
                                contract: None,
                                ty: "address",
                            },
                        ),
                    },
                ],
                state_mutability: View,
            },
        ],
        "renounceOwnership": [
            Function {
                name: "renounceOwnership",
                inputs: [],
                outputs: [],
                state_mutability: NonPayable,
            },
        ],
        "symbol": [
            Function {
                name: "symbol",
                inputs: [],
                outputs: [
                    Param {
                        ty: "string",
                        name: "",
                        components: [],
                        internal_type: Some(
                            Other {
                                contract: None,
                                ty: "string",
                            },
                        ),
                    },
                ],
                state_mutability: View,
            },
        ],
        "totalSupply": [
            Function {
                name: "totalSupply",
                inputs: [],
                outputs: [
                    Param {
                        ty: "uint256",
                        name: "",
                        components: [],
                        internal_type: Some(
                            Other {
                                contract: None,
                                ty: "uint256",
                            },
                        ),
                    },
                ],
                state_mutability: View,
            },
        ],
        "transfer": [
            Function {
                name: "transfer",
                inputs: [
                    Param {
                        ty: "address",
                        name: "to",
                        components: [],
                        internal_type: Some(
                            Other {
                                contract: None,
                                ty: "address",
                            },
                        ),
                    },
                    Param {
                        ty: "uint256",
                        name: "value",
                        components: [],
                        internal_type: Some(
                            Other {
                                contract: None,
                                ty: "uint256",
                            },
                        ),
                    },
                ],
                outputs: [
                    Param {
                        ty: "bool",
                        name: "",
                        components: [],
                        internal_type: Some(
                            Other {
                                contract: None,
                                ty: "bool",
                            },
                        ),
                    },
                ],
                state_mutability: NonPayable,
            },
        ],
        "transferFrom": [
            Function {
                name: "transferFrom",
                inputs: [
                    Param {
                        ty: "address",
                        name: "from",
                        components: [],
                        internal_type: Some(
                            Other {
                                contract: None,
                                ty: "address",
                            },
                        ),
                    },
                    Param {
                        ty: "address",
                        name: "to",
                        components: [],
                        internal_type: Some(
                            Other {
                                contract: None,
                                ty: "address",
                            },
                        ),
                    },
                    Param {
                        ty: "uint256",
                        name: "value",
                        components: [],
                        internal_type: Some(
                            Other {
                                contract: None,
                                ty: "uint256",
                            },
                        ),
                    },
                ],
                outputs: [
                    Param {
                        ty: "bool",
                        name: "",
                        components: [],
                        internal_type: Some(
                            Other {
                                contract: None,
                                ty: "bool",
                            },
                        ),
                    },
                ],
                state_mutability: NonPayable,
            },
        ],
        "transferOwnership": [
            Function {
                name: "transferOwnership",
                inputs: [
                    Param {
                        ty: "address",
                        name: "newOwner",
                        components: [],
                        internal_type: Some(
                            Other {
                                contract: None,
                                ty: "address",
                            },
                        ),
                    },
                ],
                outputs: [],
                state_mutability: NonPayable,
            },
        ],
    },
    events: {
        "Approval": [
            Event {
                name: "Approval",
                inputs: [
                    EventParam {
                        ty: "address",
                        name: "owner",
                        indexed: true,
                        components: [],
                        internal_type: Some(
                            Other {
                                contract: None,
                                ty: "address",
                            },
                        ),
                    },
                    EventParam {
                        ty: "address",
                        name: "spender",
                        indexed: true,
                        components: [],
                        internal_type: Some(
                            Other {
                                contract: None,
                                ty: "address",
                            },
                        ),
                    },
                    EventParam {
                        ty: "uint256",
                        name: "value",
                        indexed: false,
                        components: [],
                        internal_type: Some(
                            Other {
                                contract: None,
                                ty: "uint256",
                            },
                        ),
                    },
                ],
                anonymous: false,
            },
        ],
        "OwnershipTransferred": [
            Event {
                name: "OwnershipTransferred",
                inputs: [
                    EventParam {
                        ty: "address",
                        name: "previousOwner",
                        indexed: true,
                        components: [],
                        internal_type: Some(
                            Other {
                                contract: None,
                                ty: "address",
                            },
                        ),
                    },
                    EventParam {
                        ty: "address",
                        name: "newOwner",
                        indexed: true,
                        components: [],
                        internal_type: Some(
                            Other {
                                contract: None,
                                ty: "address",
                            },
                        ),
                    },
                ],
                anonymous: false,
            },
        ],
        "Transfer": [
            Event {
                name: "Transfer",
                inputs: [
                    EventParam {
                        ty: "address",
                        name: "from",
                        indexed: true,
                        components: [],
                        internal_type: Some(
                            Other {
                                contract: None,
                                ty: "address",
                            },
                        ),
                    },
                    EventParam {
                        ty: "address",
                        name: "to",
                        indexed: true,
                        components: [],
                        internal_type: Some(
                            Other {
                                contract: None,
                                ty: "address",
                            },
                        ),
                    },
                    EventParam {
                        ty: "uint256",
                        name: "value",
                        indexed: false,
                        components: [],
                        internal_type: Some(
                            Other {
                                contract: None,
                                ty: "uint256",
                            },
                        ),
                    },
                ],
                anonymous: false,
            },
        ],
    },
    errors: {
        "ERC20ExceededCap": [
            Error {
                name: "ERC20ExceededCap",
                inputs: [
                    Param {
                        ty: "uint256",
                        name: "increasedSupply",
                        components: [],
                        internal_type: Some(
                            Other {
                                contract: None,
                                ty: "uint256",
                            },
                        ),
                    },
                    Param {
                        ty: "uint256",
                        name: "cap",
                        components: [],
                        internal_type: Some(
                            Other {
                                contract: None,
                                ty: "uint256",
                            },
                        ),
                    },
                ],
            },
        ],
        "ERC20InsufficientAllowance": [
            Error {
                name: "ERC20InsufficientAllowance",
                inputs: [
                    Param {
                        ty: "address",
                        name: "spender",
                        components: [],
                        internal_type: Some(
                            Other {
                                contract: None,
                                ty: "address",
                            },
                        ),
                    },
                    Param {
                        ty: "uint256",
                        name: "allowance",
                        components: [],
                        internal_type: Some(
                            Other {
                                contract: None,
                                ty: "uint256",
                            },
                        ),
                    },
                    Param {
                        ty: "uint256",
                        name: "needed",
                        components: [],
                        internal_type: Some(
                            Other {
                                contract: None,
                                ty: "uint256",
                            },
                        ),
                    },
                ],
            },
        ],
        "ERC20InsufficientBalance": [
            Error {
                name: "ERC20InsufficientBalance",
                inputs: [
                    Param {
                        ty: "address",
                        name: "sender",
                        components: [],
                        internal_type: Some(
                            Other {
                                contract: None,
                                ty: "address",
                            },
                        ),
                    },
                    Param {
                        ty: "uint256",
                        name: "balance",
                        components: [],
                        internal_type: Some(
                            Other {
                                contract: None,
                                ty: "uint256",
                            },
                        ),
                    },
                    Param {
                        ty: "uint256",
                        name: "needed",
                        components: [],
                        internal_type: Some(
                            Other {
                                contract: None,
                                ty: "uint256",
                            },
                        ),
                    },
                ],
            },
        ],
        "ERC20InvalidApprover": [
            Error {
                name: "ERC20InvalidApprover",
                inputs: [
                    Param {
                        ty: "address",
                        name: "approver",
                        components: [],
                        internal_type: Some(
                            Other {
                                contract: None,
                                ty: "address",
                            },
                        ),
                    },
                ],
            },
        ],
        "ERC20InvalidCap": [
            Error {
                name: "ERC20InvalidCap",
                inputs: [
                    Param {
                        ty: "uint256",
                        name: "cap",
                        components: [],
                        internal_type: Some(
                            Other {
                                contract: None,
                                ty: "uint256",
                            },
                        ),
                    },
                ],
            },
        ],
        "ERC20InvalidReceiver": [
            Error {
                name: "ERC20InvalidReceiver",
                inputs: [
                    Param {
                        ty: "address",
                        name: "receiver",
                        components: [],
                        internal_type: Some(
                            Other {
                                contract: None,
                                ty: "address",
                            },
                        ),
                    },
                ],
            },
        ],
        "ERC20InvalidSender": [
            Error {
                name: "ERC20InvalidSender",
                inputs: [
                    Param {
                        ty: "address",
                        name: "sender",
                        components: [],
                        internal_type: Some(
                            Other {
                                contract: None,
                                ty: "address",
                            },
                        ),
                    },
                ],
            },
        ],
        "ERC20InvalidSpender": [
            Error {
                name: "ERC20InvalidSpender",
                inputs: [
                    Param {
                        ty: "address",
                        name: "spender",
                        components: [],
                        internal_type: Some(
                            Other {
                                contract: None,
                                ty: "address",
                            },
                        ),
                    },
                ],
            },
        ],
        "OwnableInvalidOwner": [
            Error {
                name: "OwnableInvalidOwner",
                inputs: [
                    Param {
                        ty: "address",
                        name: "owner",
                        components: [],
                        internal_type: Some(
                            Other {
                                contract: None,
                                ty: "address",
                            },
                        ),
                    },
                ],
            },
        ],
        "OwnableUnauthorizedAccount": [
            Error {
                name: "OwnableUnauthorizedAccount",
                inputs: [
                    Param {
                        ty: "address",
                        name: "account",
                        components: [],
                        internal_type: Some(
                            Other {
                                contract: None,
                                ty: "address",
                            },
                        ),
                    },
                ],
            },
        ],
    },
}
